--------------------------------------------------------------------------------
      name:  <unnamed>
       log:  Q:\BMGF - PMA IPUMS FP Blog Posts\PMA 2022 longitudinal guide - Sta
> ta files\Blog3_log.txt
  log type:  text
 opened on:   8 Nov 2022, 04:32:56

. 
. use pma_00120, clear

. 
. gen pop = .
(202,997 missing values generated)

. replace pop = 1 if country == 1 // Burkina Faso
(57,990 real changes made)

. replace pop = 2 if country == 2 & geocd == 1 // Kinshasa
(20,831 real changes made)

. replace pop = 3 if country == 2 & geocd == 2 // Kongo Central
(17,625 real changes made)

. replace pop = 4 if country == 7 // Kenya
(83,645 real changes made)

. replace pop = 5 if country == 9 & geong == 4 // Kano
(10,970 real changes made)

. replace pop = 6 if country == 9 & geong == 2 // Lagos
(11,936 real changes made)

. 
. label define pop ///
>            1 "Burkina Faso" ///
>            2 "DRC-Kinshasa" ///
>            3 "DRC-Kongo Central" ///
>            4 "Kenya" ///
>            5 "Nigeria-Kano" ///
>            6 "Nigeria-Lagos", replace

. 
. label values pop pop

. 
. table ( pop ) ( ) ( ), nototals missing

--------------------------------
                    |  Frequency
--------------------+-----------
pop                 |           
  Burkina Faso      |     57,990
  DRC-Kinshasa      |     20,831
  DRC-Kongo Central |     17,625
  Kenya             |     83,645
  Nigeria-Kano      |     10,970
  Nigeria-Lagos     |     11,936
--------------------------------

. 
. table ( resulthq_1 ) () (), nototals missing

----------------------------------------------
                                  |  Frequency
----------------------------------+-----------
result of household questionnaire |           
  completed                       |    103,411
  not at home                     |        210
  postponed                       |          8
  refused                         |        230
  partly completed                |         47
  vacant or not a dwelling        |         95
  destroyed                       |         10
  not found                       |          3
  absent extended period          |        296
  .                               |     98,687
----------------------------------------------

. 
. 
. table ( resulthq_2 ) () (), nototals missing

----------------------------------------------
                                  |  Frequency
----------------------------------+-----------
result of household questionnaire |           
  completed                       |    116,955
  not at home                     |        298
  postponed                       |         15
  refused                         |        425
  partly completed                |         16
  vacant or not a dwelling        |        861
  destroyed                       |        227
  not found                       |        209
  absent extended period          |        313
  .                               |     83,678
----------------------------------------------

. table ( samedwelling_2 ) () (), nototals missing

--------------------------------------------------------
                                            |  Frequency
--------------------------------------------+-----------
living in same dwelling unit as phase 1     |           
  no                                        |      7,255
  yes                                       |    110,973
  not interviewed (female questionnaire)    |         15
  not interviewed (household questionnaire) |         19
  niu (not in universe)                     |      1,057
  .                                         |     83,678
--------------------------------------------------------

. table ( samedwelling_2 hhtype_2) () (), nototals missing

--------------------------------------------------------
                                            |  Frequency
--------------------------------------------+-----------
living in same dwelling unit as phase 1     |           
  no                                        |           
    panel household type                    |           
      panel woman followup                  |      7,255
  yes                                       |           
    panel household type                    |           
      phase 1 dwelling                      |    110,973
  not interviewed (female questionnaire)    |           
    panel household type                    |           
      replacement cross-section             |         15
  not interviewed (household questionnaire) |           
    panel household type                    |           
      replacement cross-section             |         19
  niu (not in universe)                     |           
    panel household type                    |           
      replacement cross-section             |      1,057
  .                                         |           
    panel household type                    |           
      .                                     |     83,678
--------------------------------------------------------

. table ( hhmemstat_2 ) () (), nototals missing

------------------------------------------------------------
                                                |  Frequency
------------------------------------------------+-----------
status of household member from baseline survey |           
  still a resident in household                 |     84,402
  moved within ea                               |      1,155
  moved outside of ea                           |      4,815
  moved out of household for school             |      1,117
  deceased                                      |        437
  not interviewed (female questionnaire)        |        213
  not interviewed (household questionnaire)     |      2,337
  don't know                                    |         30
  niu (not in universe)                         |     24,813
  .                                             |     83,678
------------------------------------------------------------

. table ( hhpanelp2_2 ) () (), nototals missing

-----------------------------------------------------------------------
                                                           |  Frequency
-----------------------------------------------------------+-----------
panel woman from phase 1 lives in this dwelling in phase 2 |           
  no                                                       |     29,587
  yes                                                      |     89,732
  .                                                        |     83,678
-----------------------------------------------------------------------

. table ( resultfq_2 ) () (), nototals missing

--------------------------------------------------------
                                            |  Frequency
--------------------------------------------+-----------
result of female questionnaire              |           
  completed                                 |     24,756
  not at home                               |        343
  postponed                                 |         40
  refused                                   |        278
  partly completed                          |         24
  respondent moved                          |         57
  incapacitated                             |        241
  not interviewed (female questionnaire)    |          9
  not interviewed (household questionnaire) |      2,337
  niu (not in universe)                     |     91,234
  .                                         |     83,678
--------------------------------------------------------

. tab panelwoman_2 if resultfq_2 == 1

panel woman |
interviewed |
 in phase 1 |      Freq.     Percent        Cum.
------------+-----------------------------------
         no |      6,576       26.56       26.56
        yes |     18,180       73.44      100.00
------------+-----------------------------------
      Total |     24,756      100.00

. gen check = resultfq_2 == 1  if surveywilling_1 == 1 & age_1< 49 & !missing(re
> sultfq_2)
(182,365 missing values generated)

. table ( check ) if surveywilling_1 == 1 & age_1< 49, nototals missing 

------------------
      |  Frequency
------+-----------
check |           
  0   |      2,452
  1   |     18,180
  .   |      1,632
------------------

. 
. preserve

. 
. ******************************************************************************
> **
. 
. use pma_00120, clear

. drop if missing(hhid_1) // focus on Phase 1
(98,687 observations deleted)

. bysort hhid_1: keep if _n == 1 // keep one row per household
(80,964 observations deleted)

. gen completed = inlist(resulthq_1,1,5) // all or part of Phase I HH q

. tab completed

  completed |      Freq.     Percent        Cum.
------------+-----------------------------------
          0 |        852        3.65        3.65
          1 |     22,494       96.35      100.00
------------+-----------------------------------
      Total |     23,346      100.00

. 
. ******************************************************************************
> **
. 
. restore

. 
. * Step 1
. * group the data by pop and gen new var step = 1 and keep
. sort pop

. gen step = 1

. gen keep = resulthq_1 == 1 | resulthq_1 == 5

. * generate a new table where keep == true only and tab step keep (group by pop
> )
. table (pop) ( step keep ) () if keep == 1, nototals missing zerocounts

-----------------------------
                    |   step 
                    |       1
                    |   keep 
                    |       1
--------------------+--------
pop                 |        
  Burkina Faso      |  30,210
  DRC-Kinshasa      |  10,309
  DRC-Kongo Central |   8,847
  Kenya             |  42,308
  Nigeria-Kano      |   5,722
  Nigeria-Lagos     |   6,062
-----------------------------

. 
. * These counts correspond to those at the top of the figure labeled
. * Phase 1 household members
. 
. ******************************************************************************
> **
. 
. * Step 2
. * filter hh so that only have keep == true then update the step var to 2 and k
> eep var
. keep if keep == 1
(99,539 observations deleted)

. replace step = 2
(103,458 real changes made)

. drop keep

. gen keep = eligible_1 == 1

. * tab step and keep, with the new tab table generate label (group by pop)
. table (pop) ( step keep ) (), nototals missing zerocounts

-------------------------------------
                    |       step     
                    |         2      
                    |       keep     
                    |       0       1
--------------------+----------------
pop                 |                
  Burkina Faso      |  23,050   7,160
  DRC-Kinshasa      |   7,539   2,770
  DRC-Kongo Central |   6,845   2,002
  Kenya             |  32,609   9,699
  Nigeria-Kano      |   4,589   1,133
  Nigeria-Lagos     |   4,490   1,572
-------------------------------------

. 
. * These counts correspond to those in the figure labeled
. * Not eligible for Phase 1 FQ
. 
. ******************************************************************************
> **
. 
. * Step 3
. * filter hh to only have keep == true then update the step var to 3 and keep v
> ar
. keep if keep == 1
(79,122 observations deleted)

. replace step = 3
(24,336 real changes made)

. drop keep

. gen keep = resultfq_1 == 1 | resultfq_1 == 5

. * tab step and keep, with the new tab table generate label (group by pop)
. table (pop) ( step keep ) (), nototals missing zerocounts

----------------------------------
                    |      step   
                    |       3     
                    |      keep   
                    |    0       1
--------------------+-------------
pop                 |             
  Burkina Faso      |  370   6,790
  DRC-Kinshasa      |  131   2,639
  DRC-Kongo Central |   32   1,970
  Kenya             |  141   9,558
  Nigeria-Kano      |    6   1,127
  Nigeria-Lagos     |   65   1,507
----------------------------------

. 
. * These counts correspond to those in the figure labeled
. * Completed all / part of Phase 1 FQ
. 
. ******************************************************************************
> **
. 
. * Step 4
. * filter hh to only have keep == true then update the step var to 4 and keep v
> ar
. keep if keep == 1
(745 observations deleted)

. replace step = 4
(23,591 real changes made)

. drop keep

. gen keep = surveywilling_1 == 1

. * tab step and keep, with the new tab table generate label (group by pop)
. table (pop) ( step keep ) (), nototals missing zerocounts

----------------------------------
                    |      step   
                    |       4     
                    |      keep   
                    |    0       1
--------------------+-------------
pop                 |             
  Burkina Faso      |  193   6,597
  DRC-Kinshasa      |   61   2,578
  DRC-Kongo Central |   50   1,920
  Kenya             |  661   8,897
  Nigeria-Kano      |   29   1,098
  Nigeria-Lagos     |   82   1,425
----------------------------------

. 
. * These counts correspond to those in the figure labeled
. * Consented at Phase 1 to Phase 2 follow-up
. 
. ******************************************************************************
> **
. 
. * Step 5
. * filter hh to only have keep == true then update the step var to 5 and keep v
> ar
. keep if keep == 1
(1,076 observations deleted)

. replace step = 5
(22,515 real changes made)

. drop keep

. gen keep = age_1 < 49

. * tab step and keep, with the new tab table generate label (group by pop)
. table (pop) ( step keep ) (), nototals missing zerocounts

----------------------------------
                    |      step   
                    |       5     
                    |      keep   
                    |    0       1
--------------------+-------------
pop                 |             
  Burkina Faso      |   65   6,532
  DRC-Kinshasa      |   29   2,549
  DRC-Kongo Central |   18   1,902
  Kenya             |  100   8,797
  Nigeria-Kano      |   13   1,085
  Nigeria-Lagos     |   26   1,399
----------------------------------

. 
. * These counts correspond to those in the figure labeled
. * Women aged 15-49 at Phase 2
. 
. ******************************************************************************
> **
. 
. * Step 6
. * filter hh to only have keep == true then update the step var to 6 and keep v
> ar; also update samedw var
. keep if keep == 1
(251 observations deleted)

. replace step = 6
(22,264 real changes made)

. drop keep

. gen keep = resulthq_2 == 1

. gen samedw = samedwelling_2 == 1

. *update samedw
. replace samedw = 1 if keep == 0 
(1,846 real changes made)

. *table step and keep
. table (pop samedw) ( step keep ) (), nototals missing zerocounts

----------------------------------
                    |      step   
                    |       6     
                    |      keep   
                    |    0       1
--------------------+-------------
pop                 |             
  Burkina Faso      |             
    samedw          |             
      0             |    0     337
      1             |  431   5,764
  DRC-Kinshasa      |             
    samedw          |             
      0             |    0     495
      1             |  311   1,743
  DRC-Kongo Central |             
    samedw          |             
      0             |    0     215
      1             |  165   1,522
  Kenya             |             
    samedw          |             
      0             |    0     703
      1             |  764   7,330
  Nigeria-Kano      |             
    samedw          |             
      0             |    0      28
      1             |   35   1,022
  Nigeria-Lagos     |             
    samedw          |             
      0             |    0      45
      1             |  146   1,208
----------------------------------

. 
. * These counts correspond to those in the figure labeled
. * Completed all the Phase 2 HQ survey
. 
. ******************************************************************************
> **
. 
. *rbind the hh_plot with this table
. 
. * Step 7
. * Filter hh to only have keep == true then update the step var to 7 and keep v
> ar
. keep if keep == 1
(1,852 observations deleted)

. replace step = 7
(20,412 real changes made)

. drop keep

. gen keep = hhmemstat_2 == 1 | hhmemstat_2 == 99

. *tab step and keep, with the new tab table generate n (as string) and label
. table (pop samedw) ( step keep ) (), nototals missing zerocounts

----------------------------------
                    |      step   
                    |       7     
                    |      keep   
                    |    0       1
--------------------+-------------
pop                 |             
  Burkina Faso      |             
    samedw          |             
      0             |    1     336
      1             |  393   5,371
  DRC-Kinshasa      |             
    samedw          |             
      0             |    3     492
      1             |  139   1,604
  DRC-Kongo Central |             
    samedw          |             
      0             |    2     213
      1             |  178   1,344
  Kenya             |             
    samedw          |             
      0             |   13     690
      1             |  941   6,389
  Nigeria-Kano      |             
    samedw          |             
      0             |    0      28
      1             |   46     976
  Nigeria-Lagos     |             
    samedw          |             
      0             |    0      45
      1             |   91   1,117
----------------------------------

. 
. * These counts correspond to those in the figure labeled
. * Resident in dwelling
. 
. ******************************************************************************
> **
. 
. 
. * Step 8
. * filter hh to only have keep == true then update the step var to 8 and keep v
> ar
. keep if keep == 1
(1,807 observations deleted)

. replace step = 8
(18,605 real changes made)

. drop keep

. gen keep = resultfq_2 == 1

. *tab step and keep, with the new tab table generate n (as string) and label
. table (pop samedw) ( step keep ) (), nototals missing zerocounts

----------------------------------
                    |      step   
                    |       8     
                    |      keep   
                    |    0       1
--------------------+-------------
pop                 |             
  Burkina Faso      |             
    samedw          |             
      0             |    5     331
      1             |  211   5,160
  DRC-Kinshasa      |             
    samedw          |             
      0             |    5     487
      1             |   85   1,519
  DRC-Kongo Central |             
    samedw          |             
      0             |    5     208
      1             |   18   1,326
  Kenya             |             
    samedw          |             
      0             |    3     687
      1             |   58   6,331
  Nigeria-Kano      |             
    samedw          |             
      0             |    0      28
      1             |    3     973
  Nigeria-Lagos     |             
    samedw          |             
      0             |    0      45
      1             |   33   1,084
----------------------------------

. 
. * These counts correspond to those in the figure 
. * Completed all the Phase 2 FQ survey
. 
. ******************************************************************************
> **
. 
. * Step 9
. * filter hh to only have keep == true then update the step var to 9 and keep =
>  TRUE
. keep if keep == 1
(426 observations deleted)

. replace step = 9
(18,179 real changes made)

. drop keep

. gen keep = 1

. *tab step and keep, with the new tab table generate n (as string) and label
. table (pop) ( step keep ) (), nototals missing zerocounts

----------------------------
                    |   step
                    |      9
                    |   keep
                    |      1
--------------------+-------
pop                 |       
  Burkina Faso      |  5,491
  DRC-Kinshasa      |  2,006
  DRC-Kongo Central |  1,534
  Kenya             |  7,018
  Nigeria-Kano      |  1,001
  Nigeria-Lagos     |  1,129
----------------------------

. 
. * These counts correspond to those in the figure labeled
. * Panel Members at Phase 2
. 
. capture log close
